// Jest Snapshot v1, https://goo.gl/fbAQLP

exports[`Avatar default 1`] = `
<div
  className="avatar"
>
  <div
    className="avatar__pixel"
    style={
      Object {
        "height": "calc(100% / 13)",
        "left": "calc(100% / 12 * 0",
        "top": "calc(100% / 13 * 0)",
        "width": "calc(100% / 12)",
      }
    }
  />
  <div
    className="avatar__pixel"
    style={
      Object {
        "height": "calc(100% / 13)",
        "left": "calc(100% / 12 * 0",
        "top": "calc(100% / 13 * 1)",
        "width": "calc(100% / 12)",
      }
    }
  />
  <div
    className="avatar__pixel"
    style={
      Object {
        "height": "calc(100% / 13)",
        "left": "calc(100% / 12 * 0",
        "top": "calc(100% / 13 * 2)",
        "width": "calc(100% / 12)",
      }
    }
  />
  <div
    className="avatar__pixel"
    style={
      Object {
        "height": "calc(100% / 13)",
        "left": "calc(100% / 12 * 0",
        "top": "calc(100% / 13 * 3)",
        "width": "calc(100% / 12)",
      }
    }
  />
  <div
    className="avatar__pixel"
    style={
      Object {
        "height": "calc(100% / 13)",
        "left": "calc(100% / 12 * 0",
        "top": "calc(100% / 13 * 4)",
        "width": "calc(100% / 12)",
      }
    }
  />
  <div
    className="avatar__pixel"
    style={
      Object {
        "height": "calc(100% / 13)",
        "left": "calc(100% / 12 * 0",
        "top": "calc(100% / 13 * 5)",
        "width": "calc(100% / 12)",
      }
    }
  />
  <div
    className="avatar__pixel"
    style={
      Object {
        "height": "calc(100% / 13)",
        "left": "calc(100% / 12 * 0",
        "top": "calc(100% / 13 * 6)",
        "width": "calc(100% / 12)",
      }
    }
  />
  <div
    className="avatar__pixel"
    style={
      Object {
        "height": "calc(100% / 13)",
        "left": "calc(100% / 12 * 0",
        "top": "calc(100% / 13 * 7)",
        "width": "calc(100% / 12)",
      }
    }
  />
  <div
    className="avatar__pixel"
    style={
      Object {
        "height": "calc(100% / 13)",
        "left": "calc(100% / 12 * 0",
        "top": "calc(100% / 13 * 8)",
        "width": "calc(100% / 12)",
      }
    }
  />
  <div
    className="avatar__pixel"
    style={
      Object {
        "height": "calc(100% / 13)",
        "left": "calc(100% / 12 * 0",
        "top": "calc(100% / 13 * 9)",
        "width": "calc(100% / 12)",
      }
    }
  />
  <div
    className="avatar__pixel"
    style={
      Object {
        "height": "calc(100% / 13)",
        "left": "calc(100% / 12 * 0",
        "top": "calc(100% / 13 * 10)",
        "width": "calc(100% / 12)",
      }
    }
  />
  <div
    className="avatar__pixel"
    style={
      Object {
        "height": "calc(100% / 13)",
        "left": "calc(100% / 12 * 0",
        "top": "calc(100% / 13 * 11)",
        "width": "calc(100% / 12)",
      }
    }
  />
  <div
    className="avatar__pixel"
    style={
      Object {
        "height": "calc(100% / 13)",
        "left": "calc(100% / 12 * 0",
        "top": "calc(100% / 13 * 12)",
        "width": "calc(100% / 12)",
      }
    }
  />
  <div
    className="avatar__pixel"
    style={
      Object {
        "height": "calc(100% / 13)",
        "left": "calc(100% / 12 * 1",
        "top": "calc(100% / 13 * 12)",
        "width": "calc(100% / 12)",
      }
    }
  />
  <div
    className="avatar__pixel"
    style={
      Object {
        "height": "calc(100% / 13)",
        "left": "calc(100% / 12 * 2",
        "top": "calc(100% / 13 * 12)",
        "width": "calc(100% / 12)",
      }
    }
  />
  <div
    className="avatar__pixel"
    style={
      Object {
        "height": "calc(100% / 13)",
        "left": "calc(100% / 12 * 3",
        "top": "calc(100% / 13 * 12)",
        "width": "calc(100% / 12)",
      }
    }
  />
  <div
    className="avatar__pixel"
    style={
      Object {
        "height": "calc(100% / 13)",
        "left": "calc(100% / 12 * 4",
        "top": "calc(100% / 13 * 12)",
        "width": "calc(100% / 12)",
      }
    }
  />
  <div
    className="avatar__pixel"
    style={
      Object {
        "height": "calc(100% / 13)",
        "left": "calc(100% / 12 * 5",
        "top": "calc(100% / 13 * 12)",
        "width": "calc(100% / 12)",
      }
    }
  />
  <div
    className="avatar__pixel"
    style={
      Object {
        "height": "calc(100% / 13)",
        "left": "calc(100% / 12 * 6",
        "top": "calc(100% / 13 * 12)",
        "width": "calc(100% / 12)",
      }
    }
  />
  <div
    className="avatar__pixel"
    style={
      Object {
        "height": "calc(100% / 13)",
        "left": "calc(100% / 12 * 7",
        "top": "calc(100% / 13 * 12)",
        "width": "calc(100% / 12)",
      }
    }
  />
  <div
    className="avatar__pixel"
    style={
      Object {
        "height": "calc(100% / 13)",
        "left": "calc(100% / 12 * 8",
        "top": "calc(100% / 13 * 12)",
        "width": "calc(100% / 12)",
      }
    }
  />
  <div
    className="avatar__pixel"
    style={
      Object {
        "height": "calc(100% / 13)",
        "left": "calc(100% / 12 * 9",
        "top": "calc(100% / 13 * 12)",
        "width": "calc(100% / 12)",
      }
    }
  />
  <div
    className="avatar__pixel"
    style={
      Object {
        "height": "calc(100% / 13)",
        "left": "calc(100% / 12 * 10",
        "top": "calc(100% / 13 * 12)",
        "width": "calc(100% / 12)",
      }
    }
  />
  <div
    className="avatar__pixel"
    style={
      Object {
        "height": "calc(100% / 13)",
        "left": "calc(100% / 12 * 11",
        "top": "calc(100% / 13 * 12)",
        "width": "calc(100% / 12)",
      }
    }
  />
  <div
    className="avatar__pixel"
    style={
      Object {
        "height": "calc(100% / 13)",
        "left": "calc(100% / 12 * 11",
        "top": "calc(100% / 13 * 0)",
        "width": "calc(100% / 12)",
      }
    }
  />
  <div
    className="avatar__pixel"
    style={
      Object {
        "height": "calc(100% / 13)",
        "left": "calc(100% / 12 * 11",
        "top": "calc(100% / 13 * 1)",
        "width": "calc(100% / 12)",
      }
    }
  />
  <div
    className="avatar__pixel"
    style={
      Object {
        "height": "calc(100% / 13)",
        "left": "calc(100% / 12 * 11",
        "top": "calc(100% / 13 * 2)",
        "width": "calc(100% / 12)",
      }
    }
  />
  <div
    className="avatar__pixel"
    style={
      Object {
        "height": "calc(100% / 13)",
        "left": "calc(100% / 12 * 11",
        "top": "calc(100% / 13 * 3)",
        "width": "calc(100% / 12)",
      }
    }
  />
  <div
    className="avatar__pixel"
    style={
      Object {
        "height": "calc(100% / 13)",
        "left": "calc(100% / 12 * 11",
        "top": "calc(100% / 13 * 4)",
        "width": "calc(100% / 12)",
      }
    }
  />
  <div
    className="avatar__pixel"
    style={
      Object {
        "height": "calc(100% / 13)",
        "left": "calc(100% / 12 * 11",
        "top": "calc(100% / 13 * 5)",
        "width": "calc(100% / 12)",
      }
    }
  />
  <div
    className="avatar__pixel"
    style={
      Object {
        "height": "calc(100% / 13)",
        "left": "calc(100% / 12 * 11",
        "top": "calc(100% / 13 * 6)",
        "width": "calc(100% / 12)",
      }
    }
  />
  <div
    className="avatar__pixel"
    style={
      Object {
        "height": "calc(100% / 13)",
        "left": "calc(100% / 12 * 11",
        "top": "calc(100% / 13 * 7)",
        "width": "calc(100% / 12)",
      }
    }
  />
  <div
    className="avatar__pixel"
    style={
      Object {
        "height": "calc(100% / 13)",
        "left": "calc(100% / 12 * 11",
        "top": "calc(100% / 13 * 8)",
        "width": "calc(100% / 12)",
      }
    }
  />
  <div
    className="avatar__pixel"
    style={
      Object {
        "height": "calc(100% / 13)",
        "left": "calc(100% / 12 * 11",
        "top": "calc(100% / 13 * 9)",
        "width": "calc(100% / 12)",
      }
    }
  />
  <div
    className="avatar__pixel"
    style={
      Object {
        "height": "calc(100% / 13)",
        "left": "calc(100% / 12 * 11",
        "top": "calc(100% / 13 * 10)",
        "width": "calc(100% / 12)",
      }
    }
  />
  <div
    className="avatar__pixel"
    style={
      Object {
        "height": "calc(100% / 13)",
        "left": "calc(100% / 12 * 11",
        "top": "calc(100% / 13 * 11)",
        "width": "calc(100% / 12)",
      }
    }
  />
  <div
    className="avatar__pixel"
    style={
      Object {
        "height": "calc(100% / 13)",
        "left": "calc(100% / 12 * 1",
        "top": "calc(100% / 13 * 0)",
        "width": "calc(100% / 12)",
      }
    }
  />
  <div
    className="avatar__pixel"
    style={
      Object {
        "height": "calc(100% / 13)",
        "left": "calc(100% / 12 * 2",
        "top": "calc(100% / 13 * 0)",
        "width": "calc(100% / 12)",
      }
    }
  />
  <div
    className="avatar__pixel"
    style={
      Object {
        "height": "calc(100% / 13)",
        "left": "calc(100% / 12 * 3",
        "top": "calc(100% / 13 * 0)",
        "width": "calc(100% / 12)",
      }
    }
  />
  <div
    className="avatar__pixel"
    style={
      Object {
        "height": "calc(100% / 13)",
        "left": "calc(100% / 12 * 4",
        "top": "calc(100% / 13 * 0)",
        "width": "calc(100% / 12)",
      }
    }
  />
  <div
    className="avatar__pixel"
    style={
      Object {
        "height": "calc(100% / 13)",
        "left": "calc(100% / 12 * 5",
        "top": "calc(100% / 13 * 0)",
        "width": "calc(100% / 12)",
      }
    }
  />
  <div
    className="avatar__pixel"
    style={
      Object {
        "height": "calc(100% / 13)",
        "left": "calc(100% / 12 * 6",
        "top": "calc(100% / 13 * 0)",
        "width": "calc(100% / 12)",
      }
    }
  />
  <div
    className="avatar__pixel"
    style={
      Object {
        "height": "calc(100% / 13)",
        "left": "calc(100% / 12 * 7",
        "top": "calc(100% / 13 * 0)",
        "width": "calc(100% / 12)",
      }
    }
  />
  <div
    className="avatar__pixel"
    style={
      Object {
        "height": "calc(100% / 13)",
        "left": "calc(100% / 12 * 8",
        "top": "calc(100% / 13 * 0)",
        "width": "calc(100% / 12)",
      }
    }
  />
  <div
    className="avatar__pixel"
    style={
      Object {
        "height": "calc(100% / 13)",
        "left": "calc(100% / 12 * 9",
        "top": "calc(100% / 13 * 0)",
        "width": "calc(100% / 12)",
      }
    }
  />
  <div
    className="avatar__pixel"
    style={
      Object {
        "height": "calc(100% / 13)",
        "left": "calc(100% / 12 * 10",
        "top": "calc(100% / 13 * 0)",
        "width": "calc(100% / 12)",
      }
    }
  />
  <div
    className="avatar__pixel"
    style={
      Object {
        "height": "calc(100% / 13)",
        "left": "calc(100% / 12 * 4",
        "top": "calc(100% / 13 * 4)",
        "width": "calc(100% / 12)",
      }
    }
  />
  <div
    className="avatar__pixel"
    style={
      Object {
        "height": "calc(100% / 13)",
        "left": "calc(100% / 12 * 6",
        "top": "calc(100% / 13 * 4)",
        "width": "calc(100% / 12)",
      }
    }
  />
</div>
`;
